

Chapter Links and Images:
  Parent Folders
    (we’ll learn how to do images a moment). ==> (we’ll learn how to do images in a moment).

  Text Alternatives
    Link to Official specification: 404

  HTML entities
    Quotes
      e into &ldquo;web typography,&rdquo; you ==> e into &ldquo;web typography&rdquo;, you

Chapter Floats:
  Hiding Overlfow
    The test does not fit. ' a phasellus. A augue
    venenatis adipiscing' taken away.

Advanced Positioning:
  zip containing images has no parent images folder.
